// Jest Snapshot v1, https://goo.gl/fbAQLP

exports[`Card renders successfully with the required props 1`] = `
.c0 {
  min-width: 152px;
}

<div
  className="c0"
>
  Test
</div>
`;
